// Vitest Snapshot v1, https://vitest.dev/guide/snapshot.html

exports[`expect to render 1`] = `
<p>
  Hello World
</p>
`;
